This file contains any messages produced by compilers while
running configure, to aid debugging if configure makes a mistake.

It was created by beam configure 2.0.0, which was
generated by GNU Autoconf 2.71.  Invocation command line was

  $ ./configure

## --------- ##
## Platform. ##
## --------- ##

hostname = chuck-HX90
uname -m = x86_64
uname -r = 6.8.0-134-generic
uname -s = Linux
uname -v = #134-Ubuntu SMP PREEMPT_DYNAMIC Fri Jun 26 18:43:11 UTC 2026

/usr/bin/uname -p = x86_64
/bin/uname -X     = unknown

/bin/arch              = x86_64
/usr/bin/arch -k       = unknown
/usr/convex/getsysinfo = unknown
/usr/bin/hostinfo      = unknown
/bin/machine           = unknown
/usr/bin/oslevel       = unknown
/bin/universe          = unknown

PATH: /home/chuck/.local/bin/
PATH: /home/chuck/.local/bin/
PATH: /home/chuck/.local/bin/
PATH: /usr/local/sbin/
PATH: /usr/local/bin/
PATH: /usr/sbin/
PATH: /usr/bin/
PATH: /sbin/
PATH: /bin/
PATH: /usr/games/
PATH: /usr/local/games/
PATH: /snap/bin/
PATH: /home/chuck/Downloads/010editor/
PATH: /home/chuck/Downloads/010editor/


## ----------- ##
## Core tests. ##
## ----------- ##

configure:2535: looking for aux files: compile config.guess config.sub ltmain.sh missing install-sh
configure:2548:  trying ./
configure:2577:   ./compile found
configure:2577:   ./config.guess found
configure:2577:   ./config.sub found
configure:2577:   ./ltmain.sh found
configure:2577:   ./missing found
configure:2559:   ./install-sh found
configure:2707: checking for a BSD-compatible install
configure:2780: result: /usr/bin/install -c
configure:2791: checking whether build environment is sane
configure:2846: result: yes
configure:3005: checking for a race-free mkdir -p
configure:3049: result: /usr/bin/mkdir -p
configure:3056: checking for gawk
configure:3091: result: no
configure:3056: checking for mawk
configure:3077: found /usr/bin/mawk
configure:3088: result: mawk
configure:3099: checking whether make sets $(MAKE)
configure:3122: result: yes
configure:3152: checking whether make supports nested variables
configure:3170: result: yes
configure:3338: checking build system type
configure:3353: result: x86_64-pc-linux-gnu
configure:3373: checking host system type
configure:3387: result: x86_64-pc-linux-gnu
configure:3428: checking how to print strings
configure:3455: result: printf
configure:3489: checking whether make supports the include directive
configure:3504: make -f confmf.GNU && cat confinc.out
this is the am__doit target
configure:3507: $? = 0
configure:3526: result: yes (GNU style)
configure:3602: checking for gcc
configure:3623: found /usr/bin/gcc
configure:3634: result: gcc
configure:3987: checking for C compiler version
configure:3996: gcc --version >&5
gcc (Ubuntu 13.3.0-6ubuntu2~24.04.1) 13.3.0
Copyright (C) 2023 Free Software Foundation, Inc.
This is free software; see the source for copying conditions.  There is NO
warranty; not even for MERCHANTABILITY or FITNESS FOR A PARTICULAR PURPOSE.

configure:4007: $? = 0
configure:3996: gcc -v >&5
Using built-in specs.
COLLECT_GCC=gcc
COLLECT_LTO_WRAPPER=/usr/libexec/gcc/x86_64-linux-gnu/13/lto-wrapper
OFFLOAD_TARGET_NAMES=nvptx-none:amdgcn-amdhsa
OFFLOAD_TARGET_DEFAULT=1
Target: x86_64-linux-gnu
Configured with: ../src/configure -v --with-pkgversion='Ubuntu 13.3.0-6ubuntu2~24.04.1' --with-bugurl=file:///usr/share/doc/gcc-13/README.Bugs --enable-languages=c,ada,c++,go,d,fortran,objc,obj-c++,m2 --prefix=/usr --with-gcc-major-version-only --program-suffix=-13 --program-prefix=x86_64-linux-gnu- --enable-shared --enable-linker-build-id --libexecdir=/usr/libexec --without-included-gettext --enable-threads=posix --libdir=/usr/lib --enable-nls --enable-bootstrap --enable-clocale=gnu --enable-libstdcxx-debug --enable-libstdcxx-time=yes --with-default-libstdcxx-abi=new --enable-libstdcxx-backtrace --enable-gnu-unique-object --disable-vtable-verify --enable-plugin --enable-default-pie --with-system-zlib --enable-libphobos-checking=release --with-target-system-zlib=auto --enable-objc-gc=auto --enable-multiarch --disable-werror --enable-cet --with-arch-32=i686 --with-abi=m64 --with-multilib-list=m32,m64,mx32 --enable-multilib --with-tune=generic --enable-offload-targets=nvptx-none=/build/gcc-13-EldibY/gcc-13-13.3.0/debian/tmp-nvptx/usr,amdgcn-amdhsa=/build/gcc-13-EldibY/gcc-13-13.3.0/debian/tmp-gcn/usr --enable-offload-defaulted --without-cuda-driver --enable-checking=release --build=x86_64-linux-gnu --host=x86_64-linux-gnu --target=x86_64-linux-gnu --with-build-config=bootstrap-lto-lean --enable-link-serialization=2
Thread model: posix
Supported LTO compression algorithms: zlib zstd
gcc version 13.3.0 (Ubuntu 13.3.0-6ubuntu2~24.04.1) 
... rest of stderr output deleted ...
configure:4007: $? = 0
configure:3996: gcc -V >&5
gcc: error: unrecognized command-line option '-V'
gcc: fatal error: no input files
compilation terminated.
configure:4007: $? = 1
configure:3996: gcc -qversion >&5
gcc: error: unrecognized command-line option '-qversion'; did you mean '--version'?
gcc: fatal error: no input files
compilation terminated.
configure:4007: $? = 1
configure:3996: gcc -version >&5
gcc: error: unrecognized command-line option '-version'
gcc: fatal error: no input files
compilation terminated.
configure:4007: $? = 1
configure:4027: checking whether the C compiler works
configure:4049: gcc    conftest.c  >&5
configure:4053: $? = 0
configure:4103: result: yes
configure:4106: checking for C compiler default output file name
configure:4108: result: a.out
configure:4114: checking for suffix of executables
configure:4121: gcc -o conftest    conftest.c  >&5
configure:4125: $? = 0
configure:4148: result: 
configure:4170: checking whether we are cross compiling
configure:4178: gcc -o conftest    conftest.c  >&5
configure:4182: $? = 0
configure:4189: ./conftest
configure:4193: $? = 0
configure:4208: result: no
configure:4213: checking for suffix of object files
configure:4236: gcc -c   conftest.c >&5
configure:4240: $? = 0
configure:4262: result: o
configure:4266: checking whether the compiler supports GNU C
configure:4286: gcc -c   conftest.c >&5
configure:4286: $? = 0
configure:4296: result: yes
configure:4307: checking whether gcc accepts -g
configure:4328: gcc -c -g  conftest.c >&5
configure:4328: $? = 0
configure:4372: result: yes
configure:4392: checking for gcc option to enable C11 features
configure:4407: gcc  -c -g -O2  conftest.c >&5
configure:4407: $? = 0
configure:4425: result: none needed
configure:4541: checking whether gcc understands -c and -o together
configure:4564: gcc -c conftest.c -o conftest2.o
configure:4567: $? = 0
configure:4564: gcc -c conftest.c -o conftest2.o
configure:4567: $? = 0
configure:4579: result: yes
configure:4598: checking dependency style of gcc
configure:4710: result: gcc3
configure:4725: checking for a sed that does not truncate output
configure:4795: result: /usr/bin/sed
configure:4813: checking for grep that handles long lines and -e
configure:4877: result: /usr/bin/grep
configure:4882: checking for egrep
configure:4950: result: /usr/bin/grep -E
configure:4955: checking for fgrep
configure:5023: result: /usr/bin/grep -F
configure:5059: checking for ld used by gcc
configure:5127: result: /usr/bin/ld
configure:5134: checking if the linker (/usr/bin/ld) is GNU ld
configure:5150: result: yes
configure:5162: checking for BSD- or MS-compatible name lister (nm)
configure:5217: result: /usr/bin/nm -B
configure:5357: checking the name lister (/usr/bin/nm -B) interface
configure:5365: gcc -c -g -O2  conftest.c >&5
configure:5368: /usr/bin/nm -B "conftest.o"
configure:5371: output
0000000000000000 B some_variable
configure:5378: result: BSD nm
configure:5381: checking whether ln -s works
configure:5385: result: yes
configure:5393: checking the maximum length of command line arguments
configure:5525: result: 1572864
configure:5573: checking how to convert x86_64-pc-linux-gnu file names to x86_64-pc-linux-gnu format
configure:5614: result: func_convert_file_noop
configure:5621: checking how to convert x86_64-pc-linux-gnu file names to toolchain format
configure:5642: result: func_convert_file_noop
configure:5649: checking for /usr/bin/ld option to reload object files
configure:5657: result: -r
configure:5736: checking for file
configure:5757: found /usr/bin/file
configure:5768: result: file
configure:5844: checking for objdump
configure:5865: found /usr/bin/objdump
configure:5876: result: objdump
configure:5908: checking how to recognize dependent libraries
configure:6109: result: pass_all
configure:6199: checking for dlltool
configure:6234: result: no
configure:6264: checking how to associate runtime and link libraries
configure:6292: result: printf %s\n
configure:6358: checking for ar
configure:6379: found /usr/bin/ar
configure:6390: result: ar
configure:6443: checking for archiver @FILE support
configure:6461: gcc -c -g -O2  conftest.c >&5
configure:6461: $? = 0
configure:6465: ar cr libconftest.a @conftest.lst >&5
configure:6468: $? = 0
configure:6473: ar cr libconftest.a @conftest.lst >&5
ar: conftest.o: No such file or directory
configure:6476: $? = 1
configure:6488: result: @
configure:6551: checking for strip
configure:6572: found /usr/bin/strip
configure:6583: result: strip
configure:6660: checking for ranlib
configure:6681: found /usr/bin/ranlib
configure:6692: result: ranlib
configure:6794: checking command to parse /usr/bin/nm -B output from gcc object
configure:6948: gcc -c -g -O2  conftest.c >&5
configure:6951: $? = 0
configure:6955: /usr/bin/nm -B conftest.o | /usr/bin/sed -n -e 's/^.*[	 ]\([ABCDGIRSTW][ABCDGIRSTW]*\)[	 ][	 ]*\([_A-Za-z][_A-Za-z0-9]*\)$/\1 \2 \2/p' | /usr/bin/sed '/ __gnu_lto/d' > conftest.nm
configure:7021: gcc -o conftest -g -O2   conftest.c conftstm.o >&5
configure:7024: $? = 0
configure:7062: result: ok
configure:7109: checking for sysroot
configure:7140: result: no
configure:7147: checking for a working dd
configure:7191: result: /usr/bin/dd
configure:7195: checking how to truncate binary pipes
configure:7211: result: /usr/bin/dd bs=4096 count=1
configure:7348: gcc -c -g -O2  conftest.c >&5
configure:7351: $? = 0
configure:7548: checking for mt
configure:7569: found /usr/bin/mt
configure:7580: result: mt
configure:7603: checking if mt is a manifest tool
configure:7610: mt '-?'
configure:7618: result: no
configure:8343: checking for stdio.h
configure:8343: gcc -c -g -O2  conftest.c >&5
configure:8343: $? = 0
configure:8343: result: yes
configure:8343: checking for stdlib.h
configure:8343: gcc -c -g -O2  conftest.c >&5
configure:8343: $? = 0
configure:8343: result: yes
configure:8343: checking for string.h
configure:8343: gcc -c -g -O2  conftest.c >&5
configure:8343: $? = 0
configure:8343: result: yes
configure:8343: checking for inttypes.h
configure:8343: gcc -c -g -O2  conftest.c >&5
configure:8343: $? = 0
configure:8343: result: yes
configure:8343: checking for stdint.h
configure:8343: gcc -c -g -O2  conftest.c >&5
configure:8343: $? = 0
configure:8343: result: yes
configure:8343: checking for strings.h
configure:8343: gcc -c -g -O2  conftest.c >&5
configure:8343: $? = 0
configure:8343: result: yes
configure:8343: checking for sys/stat.h
configure:8343: gcc -c -g -O2  conftest.c >&5
configure:8343: $? = 0
configure:8343: result: yes
configure:8343: checking for sys/types.h
configure:8343: gcc -c -g -O2  conftest.c >&5
configure:8343: $? = 0
configure:8343: result: yes
configure:8343: checking for unistd.h
configure:8343: gcc -c -g -O2  conftest.c >&5
configure:8343: $? = 0
configure:8343: result: yes
configure:8368: checking for dlfcn.h
configure:8368: gcc -c -g -O2  conftest.c >&5
configure:8368: $? = 0
configure:8368: result: yes
configure:8627: checking for objdir
configure:8643: result: .libs
configure:8907: checking if gcc supports -fno-rtti -fno-exceptions
configure:8926: gcc -c -g -O2  -fno-rtti -fno-exceptions conftest.c >&5
cc1: warning: command-line option '-fno-rtti' is valid for C++/D/ObjC++ but not for C
configure:8930: $? = 0
configure:8943: result: no
configure:9307: checking for gcc option to produce PIC
configure:9315: result: -fPIC -DPIC
configure:9323: checking if gcc PIC flag -fPIC -DPIC works
configure:9342: gcc -c -g -O2  -fPIC -DPIC -DPIC conftest.c >&5
configure:9346: $? = 0
configure:9359: result: yes
configure:9388: checking if gcc static flag -static works
configure:9417: result: yes
configure:9432: checking if gcc supports -c -o file.o
configure:9454: gcc -c -g -O2  -o out/conftest2.o conftest.c >&5
configure:9458: $? = 0
configure:9480: result: yes
configure:9488: checking if gcc supports -c -o file.o
configure:9536: result: yes
configure:9569: checking whether the gcc linker (/usr/bin/ld -m elf_x86_64) supports shared libraries
configure:10843: result: yes
configure:10880: checking whether -lc should be explicitly linked in
configure:10889: gcc -c -g -O2  conftest.c >&5
configure:10892: $? = 0
configure:10907: gcc -shared  -fPIC -DPIC conftest.o  -v -Wl,-soname -Wl,conftest -o conftest 2\>\&1 \| /usr/bin/grep  -lc  \>/dev/null 2\>\&1
configure:10910: $? = 0
configure:10924: result: no
configure:11084: checking dynamic linker characteristics
configure:11666: gcc -o conftest -g -O2   -Wl,-rpath -Wl,/foo conftest.c  >&5
configure:11666: $? = 0
configure:11917: result: GNU/Linux ld.so
configure:12039: checking how to hardcode library paths into programs
configure:12064: result: immediate
configure:12616: checking whether stripping libraries is possible
configure:12625: result: yes
configure:12667: checking if libtool supports shared libraries
configure:12669: result: yes
configure:12672: checking whether to build shared libraries
configure:12697: result: yes
configure:12700: checking whether to build static libraries
configure:12704: result: yes
configure:12797: checking for gcc
configure:12829: result: gcc
configure:13182: checking for C compiler version
configure:13191: gcc --version >&5
gcc (Ubuntu 13.3.0-6ubuntu2~24.04.1) 13.3.0
Copyright (C) 2023 Free Software Foundation, Inc.
This is free software; see the source for copying conditions.  There is NO
warranty; not even for MERCHANTABILITY or FITNESS FOR A PARTICULAR PURPOSE.

configure:13202: $? = 0
configure:13191: gcc -v >&5
Using built-in specs.
COLLECT_GCC=gcc
COLLECT_LTO_WRAPPER=/usr/libexec/gcc/x86_64-linux-gnu/13/lto-wrapper
OFFLOAD_TARGET_NAMES=nvptx-none:amdgcn-amdhsa
OFFLOAD_TARGET_DEFAULT=1
Target: x86_64-linux-gnu
Configured with: ../src/configure -v --with-pkgversion='Ubuntu 13.3.0-6ubuntu2~24.04.1' --with-bugurl=file:///usr/share/doc/gcc-13/README.Bugs --enable-languages=c,ada,c++,go,d,fortran,objc,obj-c++,m2 --prefix=/usr --with-gcc-major-version-only --program-suffix=-13 --program-prefix=x86_64-linux-gnu- --enable-shared --enable-linker-build-id --libexecdir=/usr/libexec --without-included-gettext --enable-threads=posix --libdir=/usr/lib --enable-nls --enable-bootstrap --enable-clocale=gnu --enable-libstdcxx-debug --enable-libstdcxx-time=yes --with-default-libstdcxx-abi=new --enable-libstdcxx-backtrace --enable-gnu-unique-object --disable-vtable-verify --enable-plugin --enable-default-pie --with-system-zlib --enable-libphobos-checking=release --with-target-system-zlib=auto --enable-objc-gc=auto --enable-multiarch --disable-werror --enable-cet --with-arch-32=i686 --with-abi=m64 --with-multilib-list=m32,m64,mx32 --enable-multilib --with-tune=generic --enable-offload-targets=nvptx-none=/build/gcc-13-EldibY/gcc-13-13.3.0/debian/tmp-nvptx/usr,amdgcn-amdhsa=/build/gcc-13-EldibY/gcc-13-13.3.0/debian/tmp-gcn/usr --enable-offload-defaulted --without-cuda-driver --enable-checking=release --build=x86_64-linux-gnu --host=x86_64-linux-gnu --target=x86_64-linux-gnu --with-build-config=bootstrap-lto-lean --enable-link-serialization=2
Thread model: posix
Supported LTO compression algorithms: zlib zstd
gcc version 13.3.0 (Ubuntu 13.3.0-6ubuntu2~24.04.1) 
... rest of stderr output deleted ...
configure:13202: $? = 0
configure:13191: gcc -V >&5
gcc: error: unrecognized command-line option '-V'
gcc: fatal error: no input files
compilation terminated.
configure:13202: $? = 1
configure:13191: gcc -qversion >&5
gcc: error: unrecognized command-line option '-qversion'; did you mean '--version'?
gcc: fatal error: no input files
compilation terminated.
configure:13202: $? = 1
configure:13191: gcc -version >&5
gcc: error: unrecognized command-line option '-version'
gcc: fatal error: no input files
compilation terminated.
configure:13202: $? = 1
configure:13206: checking whether the compiler supports GNU C
configure:13236: result: yes
configure:13247: checking whether gcc accepts -g
configure:13312: result: yes
configure:13332: checking for gcc option to enable C11 features
configure:13365: result: none needed
configure:13481: checking whether gcc understands -c and -o together
configure:13519: result: yes
configure:13538: checking dependency style of gcc
configure:13650: result: gcc3
configure:13668: checking for gcc
configure:13689: found /usr/bin/gcc
configure:13700: result: -Wall
configure:13709: checking for malloc.h
configure:13709: gcc -c -g -O2  conftest.c >&5
configure:13709: $? = 0
configure:13709: result: yes
configure:13715: checking for alloc.h
configure:13715: gcc -c -g -O2  conftest.c >&5
conftest.c:52:10: fatal error: alloc.h: No such file or directory
   52 | #include <alloc.h>
      |          ^~~~~~~~~
compilation terminated.
configure:13715: $? = 1
configure: failed program was:
| /* confdefs.h */
| #define PACKAGE_NAME "beam"
| #define PACKAGE_TARNAME "beam"
| #define PACKAGE_VERSION "2.0.0"
| #define PACKAGE_STRING "beam 2.0.0"
| #define PACKAGE_BUGREPORT ""
| #define PACKAGE_URL ""
| #define PACKAGE "beam"
| #define VERSION "2.0.0"
| #define HAVE_STDIO_H 1
| #define HAVE_STDLIB_H 1
| #define HAVE_STRING_H 1
| #define HAVE_INTTYPES_H 1
| #define HAVE_STDINT_H 1
| #define HAVE_STRINGS_H 1
| #define HAVE_SYS_STAT_H 1
| #define HAVE_SYS_TYPES_H 1
| #define HAVE_UNISTD_H 1
| #define STDC_HEADERS 1
| #define HAVE_DLFCN_H 1
| #define LT_OBJDIR ".libs/"
| #define HAVE_MALLOC_H 1
| /* end confdefs.h.  */
| #include <stddef.h>
| #ifdef HAVE_STDIO_H
| # include <stdio.h>
| #endif
| #ifdef HAVE_STDLIB_H
| # include <stdlib.h>
| #endif
| #ifdef HAVE_STRING_H
| # include <string.h>
| #endif
| #ifdef HAVE_INTTYPES_H
| # include <inttypes.h>
| #endif
| #ifdef HAVE_STDINT_H
| # include <stdint.h>
| #endif
| #ifdef HAVE_STRINGS_H
| # include <strings.h>
| #endif
| #ifdef HAVE_SYS_TYPES_H
| # include <sys/types.h>
| #endif
| #ifdef HAVE_SYS_STAT_H
| # include <sys/stat.h>
| #endif
| #ifdef HAVE_UNISTD_H
| # include <unistd.h>
| #endif
| #include <alloc.h>
configure:13715: result: no
configure:13721: checking for prctl.h
configure:13721: gcc -c -g -O2  conftest.c >&5
conftest.c:52:10: fatal error: prctl.h: No such file or directory
   52 | #include <prctl.h>
      |          ^~~~~~~~~
compilation terminated.
configure:13721: $? = 1
configure: failed program was:
| /* confdefs.h */
| #define PACKAGE_NAME "beam"
| #define PACKAGE_TARNAME "beam"
| #define PACKAGE_VERSION "2.0.0"
| #define PACKAGE_STRING "beam 2.0.0"
| #define PACKAGE_BUGREPORT ""
| #define PACKAGE_URL ""
| #define PACKAGE "beam"
| #define VERSION "2.0.0"
| #define HAVE_STDIO_H 1
| #define HAVE_STDLIB_H 1
| #define HAVE_STRING_H 1
| #define HAVE_INTTYPES_H 1
| #define HAVE_STDINT_H 1
| #define HAVE_STRINGS_H 1
| #define HAVE_SYS_STAT_H 1
| #define HAVE_SYS_TYPES_H 1
| #define HAVE_UNISTD_H 1
| #define STDC_HEADERS 1
| #define HAVE_DLFCN_H 1
| #define LT_OBJDIR ".libs/"
| #define HAVE_MALLOC_H 1
| /* end confdefs.h.  */
| #include <stddef.h>
| #ifdef HAVE_STDIO_H
| # include <stdio.h>
| #endif
| #ifdef HAVE_STDLIB_H
| # include <stdlib.h>
| #endif
| #ifdef HAVE_STRING_H
| # include <string.h>
| #endif
| #ifdef HAVE_INTTYPES_H
| # include <inttypes.h>
| #endif
| #ifdef HAVE_STDINT_H
| # include <stdint.h>
| #endif
| #ifdef HAVE_STRINGS_H
| # include <strings.h>
| #endif
| #ifdef HAVE_SYS_TYPES_H
| # include <sys/types.h>
| #endif
| #ifdef HAVE_SYS_STAT_H
| # include <sys/stat.h>
| #endif
| #ifdef HAVE_UNISTD_H
| # include <unistd.h>
| #endif
| #include <prctl.h>
configure:13721: result: no
configure:13728: checking for size_t
configure:13728: gcc -c -g -O2  conftest.c >&5
configure:13728: $? = 0
configure:13728: gcc -c -g -O2  conftest.c >&5
conftest.c: In function 'main':
conftest.c:55:21: error: expected expression before ')' token
   55 | if (sizeof ((size_t)))
      |                     ^
configure:13728: $? = 1
configure: failed program was:
| /* confdefs.h */
| #define PACKAGE_NAME "beam"
| #define PACKAGE_TARNAME "beam"
| #define PACKAGE_VERSION "2.0.0"
| #define PACKAGE_STRING "beam 2.0.0"
| #define PACKAGE_BUGREPORT ""
| #define PACKAGE_URL ""
| #define PACKAGE "beam"
| #define VERSION "2.0.0"
| #define HAVE_STDIO_H 1
| #define HAVE_STDLIB_H 1
| #define HAVE_STRING_H 1
| #define HAVE_INTTYPES_H 1
| #define HAVE_STDINT_H 1
| #define HAVE_STRINGS_H 1
| #define HAVE_SYS_STAT_H 1
| #define HAVE_SYS_TYPES_H 1
| #define HAVE_UNISTD_H 1
| #define STDC_HEADERS 1
| #define HAVE_DLFCN_H 1
| #define LT_OBJDIR ".libs/"
| #define HAVE_MALLOC_H 1
| /* end confdefs.h.  */
| #include <stddef.h>
| #ifdef HAVE_STDIO_H
| # include <stdio.h>
| #endif
| #ifdef HAVE_STDLIB_H
| # include <stdlib.h>
| #endif
| #ifdef HAVE_STRING_H
| # include <string.h>
| #endif
| #ifdef HAVE_INTTYPES_H
| # include <inttypes.h>
| #endif
| #ifdef HAVE_STDINT_H
| # include <stdint.h>
| #endif
| #ifdef HAVE_STRINGS_H
| # include <strings.h>
| #endif
| #ifdef HAVE_SYS_TYPES_H
| # include <sys/types.h>
| #endif
| #ifdef HAVE_SYS_STAT_H
| # include <sys/stat.h>
| #endif
| #ifdef HAVE_UNISTD_H
| # include <unistd.h>
| #endif
| int
| main (void)
| {
| if (sizeof ((size_t)))
| 	    return 0;
|   ;
|   return 0;
| }
configure:13728: result: yes
configure:13740: checking for working alloca.h
configure:13758: gcc -o conftest -g -O2   conftest.c  >&5
configure:13758: $? = 0
configure:13767: result: yes
configure:13775: checking for alloca
configure:13820: result: yes
configure:13888: checking for size_t
configure:13888: result: yes
configure:13899: checking for working strtod
configure:13942: gcc -o conftest -g -O2   conftest.c  >&5
configure:13942: $? = 0
configure:13942: ./conftest
configure:13942: $? = 0
configure:13953: result: yes
configure:14016: checking for strerror
configure:14016: gcc -o conftest -g -O2   conftest.c  >&5
configure:14016: $? = 0
configure:14016: result: yes
configure:14022: checking for mkstemp
configure:14022: gcc -o conftest -g -O2   conftest.c  >&5
configure:14022: $? = 0
configure:14022: result: yes
configure:14103: checking for pkg-config
configure:14126: found /usr/bin/pkg-config
configure:14138: result: /usr/bin/pkg-config
configure:14163: checking pkg-config is at least version 0.9.0
configure:14166: result: yes
configure:14177: checking for FFI
configure:14184: $PKG_CONFIG --exists --print-errors "libffi"
configure:14187: $? = 0
configure:14201: $PKG_CONFIG --exists --print-errors "libffi"
configure:14204: $? = 0
configure:14262: result: yes
configure:14269: checking for library containing ffi_call
configure:14299: gcc -o conftest -g -O2    conftest.c  -lffi  >&5
configure:14299: $? = 0
configure:14319: result: none required
configure:14330: checking for ffi.h
configure:14330: gcc -c -g -O2   conftest.c >&5
configure:14330: $? = 0
configure:14330: result: yes
configure:14347: checking for library containing dlopen
configure:14377: gcc -o conftest -g -O2    conftest.c  -lffi  >&5
configure:14377: $? = 0
configure:14397: result: none required
configure:14408: checking for dlfcn.h
configure:14408: result: yes
configure:14433: checking for library containing initscr
configure:14463: gcc -o conftest -g -O2    conftest.c  -lffi  >&5
/usr/bin/ld: /tmp/ccD42eDa.o: in function `main':
/home/chuck/Dropbox/Programming/Languages_and_Code/Programming_Projects/Programming_Tools/LANGUAGES/Beam/conftest.c:39:(.text.startup+0xb): undefined reference to `initscr'
collect2: error: ld returned 1 exit status
configure:14463: $? = 1
configure: failed program was:
| /* confdefs.h */
| #define PACKAGE_NAME "beam"
| #define PACKAGE_TARNAME "beam"
| #define PACKAGE_VERSION "2.0.0"
| #define PACKAGE_STRING "beam 2.0.0"
| #define PACKAGE_BUGREPORT ""
| #define PACKAGE_URL ""
| #define PACKAGE "beam"
| #define VERSION "2.0.0"
| #define HAVE_STDIO_H 1
| #define HAVE_STDLIB_H 1
| #define HAVE_STRING_H 1
| #define HAVE_INTTYPES_H 1
| #define HAVE_STDINT_H 1
| #define HAVE_STRINGS_H 1
| #define HAVE_SYS_STAT_H 1
| #define HAVE_SYS_TYPES_H 1
| #define HAVE_UNISTD_H 1
| #define STDC_HEADERS 1
| #define HAVE_DLFCN_H 1
| #define LT_OBJDIR ".libs/"
| #define HAVE_MALLOC_H 1
| #define HAVE_ALLOCA_H 1
| #define HAVE_ALLOCA 1
| #define HAVE_STRERROR 1
| #define HAVE_MKSTEMP 1
| #define HAVE_FFI_H 1
| #define HAVE_DLFCN_H 1
| #define USE_DL_FFI 1
| /* end confdefs.h.  */
| 
| /* Override any GCC internal prototype to avoid an error.
|    Use char because int might match the return type of a GCC
|    builtin and then its argument prototype would still apply.  */
| char initscr ();
| int
| main (void)
| {
| return initscr ();
|   ;
|   return 0;
| }
configure:14463: gcc -o conftest -g -O2    conftest.c -lcurses   -lffi  >&5
configure:14463: $? = 0
configure:14483: result: -lcurses
configure:14499: checking for curses.h
configure:14499: gcc -c -g -O2   conftest.c >&5
configure:14499: $? = 0
configure:14499: result: yes
configure:14499: checking for ncurses.h
configure:14499: gcc -c -g -O2   conftest.c >&5
configure:14499: $? = 0
configure:14499: result: yes
configure:14512: checking for getnstr
configure:14512: gcc -o conftest -g -O2    conftest.c -lcurses  -lffi  >&5
configure:14512: $? = 0
configure:14512: result: yes
configure:14520: checking for library containing dladdr
configure:14550: gcc -o conftest -g -O2    conftest.c -lcurses  -lffi  >&5
configure:14550: $? = 0
configure:14570: result: none required
configure:14582: checking for SDL2
configure:14589: $PKG_CONFIG --exists --print-errors "sdl2 >= 2.0"
configure:14592: $? = 0
configure:14606: $PKG_CONFIG --exists --print-errors "sdl2 >= 2.0"
configure:14609: $? = 0
configure:14647: result: yes
configure:14649: SDL2 found
configure:14658: checking how to run the C preprocessor
configure:14684: gcc -E  conftest.c
configure:14684: $? = 0
configure:14699: gcc -E  conftest.c
conftest.c:34:10: fatal error: ac_nonexistent.h: No such file or directory
   34 | #include <ac_nonexistent.h>
      |          ^~~~~~~~~~~~~~~~~~
compilation terminated.
configure:14699: $? = 1
configure: failed program was:
| /* confdefs.h */
| #define PACKAGE_NAME "beam"
| #define PACKAGE_TARNAME "beam"
| #define PACKAGE_VERSION "2.0.0"
| #define PACKAGE_STRING "beam 2.0.0"
| #define PACKAGE_BUGREPORT ""
| #define PACKAGE_URL ""
| #define PACKAGE "beam"
| #define VERSION "2.0.0"
| #define HAVE_STDIO_H 1
| #define HAVE_STDLIB_H 1
| #define HAVE_STRING_H 1
| #define HAVE_INTTYPES_H 1
| #define HAVE_STDINT_H 1
| #define HAVE_STRINGS_H 1
| #define HAVE_SYS_STAT_H 1
| #define HAVE_SYS_TYPES_H 1
| #define HAVE_UNISTD_H 1
| #define STDC_HEADERS 1
| #define HAVE_DLFCN_H 1
| #define LT_OBJDIR ".libs/"
| #define HAVE_MALLOC_H 1
| #define HAVE_ALLOCA_H 1
| #define HAVE_ALLOCA 1
| #define HAVE_STRERROR 1
| #define HAVE_MKSTEMP 1
| #define HAVE_FFI_H 1
| #define HAVE_DLFCN_H 1
| #define USE_DL_FFI 1
| #define HAVE_CURSES_H 1
| #define HAVE_NCURSES_H 1
| #define HAVE_GETNSTR 1
| /* end confdefs.h.  */
| #include <ac_nonexistent.h>
configure:14726: result: gcc -E
configure:14740: gcc -E  conftest.c
configure:14740: $? = 0
configure:14755: gcc -E  conftest.c
conftest.c:34:10: fatal error: ac_nonexistent.h: No such file or directory
   34 | #include <ac_nonexistent.h>
      |          ^~~~~~~~~~~~~~~~~~
compilation terminated.
configure:14755: $? = 1
configure: failed program was:
| /* confdefs.h */
| #define PACKAGE_NAME "beam"
| #define PACKAGE_TARNAME "beam"
| #define PACKAGE_VERSION "2.0.0"
| #define PACKAGE_STRING "beam 2.0.0"
| #define PACKAGE_BUGREPORT ""
| #define PACKAGE_URL ""
| #define PACKAGE "beam"
| #define VERSION "2.0.0"
| #define HAVE_STDIO_H 1
| #define HAVE_STDLIB_H 1
| #define HAVE_STRING_H 1
| #define HAVE_INTTYPES_H 1
| #define HAVE_STDINT_H 1
| #define HAVE_STRINGS_H 1
| #define HAVE_SYS_STAT_H 1
| #define HAVE_SYS_TYPES_H 1
| #define HAVE_UNISTD_H 1
| #define STDC_HEADERS 1
| #define HAVE_DLFCN_H 1
| #define LT_OBJDIR ".libs/"
| #define HAVE_MALLOC_H 1
| #define HAVE_ALLOCA_H 1
| #define HAVE_ALLOCA 1
| #define HAVE_STRERROR 1
| #define HAVE_MKSTEMP 1
| #define HAVE_FFI_H 1
| #define HAVE_DLFCN_H 1
| #define USE_DL_FFI 1
| #define HAVE_CURSES_H 1
| #define HAVE_NCURSES_H 1
| #define HAVE_GETNSTR 1
| /* end confdefs.h.  */
| #include <ac_nonexistent.h>
configure:14786: checking for X
configure:14824: gcc -o conftest -g -O2    conftest.c -lX11 -lcurses  -lffi  >&5
configure:14824: $? = 0
configure:15011: result: libraries , headers 
configure:15109: gcc -o conftest -g -O2    conftest.c -lcurses  -lffi   -lX11 >&5
configure:15109: $? = 0
configure:15208: checking for gethostbyname
configure:15208: gcc -o conftest -g -O2    conftest.c -lcurses  -lffi  >&5
configure:15208: $? = 0
configure:15208: result: yes
configure:15306: checking for connect
configure:15306: gcc -o conftest -g -O2    conftest.c -lcurses  -lffi  >&5
configure:15306: $? = 0
configure:15306: result: yes
configure:15356: checking for remove
configure:15356: gcc -o conftest -g -O2    conftest.c -lcurses  -lffi  >&5
configure:15356: $? = 0
configure:15356: result: yes
configure:15406: checking for shmat
configure:15406: gcc -o conftest -g -O2    conftest.c -lcurses  -lffi  >&5
configure:15406: $? = 0
configure:15406: result: yes
configure:15465: checking for IceConnectionNumber in -lICE
configure:15488: gcc -o conftest -g -O2    conftest.c -lICE  -lcurses  -lffi  >&5
configure:15488: $? = 0
configure:15498: result: yes
configure:15628: checking that generated files are newer than configure
configure:15634: result: done
configure:15661: creating ./config.status

## ---------------------- ##
## Running config.status. ##
## ---------------------- ##

This file was extended by beam config.status 2.0.0, which was
generated by GNU Autoconf 2.71.  Invocation command line was

  CONFIG_FILES    = 
  CONFIG_HEADERS  = 
  CONFIG_LINKS    = 
  CONFIG_COMMANDS = 
  $ ./config.status 

on chuck-HX90

config.status:1111: creating Makefile
config.status:1111: creating config.h
config.status:1340: executing depfiles commands
config.status:1417: cd .       && sed -e '/# am--include-marker/d' Makefile         | make -f - am--depfiles
make: Nothing to be done for 'am--depfiles'.
config.status:1422: $? = 0
config.status:1340: executing libtool commands

## ---------------- ##
## Cache variables. ##
## ---------------- ##

ac_cv_build=x86_64-pc-linux-gnu
ac_cv_c_compiler_gnu=yes
ac_cv_env_CC_set=
ac_cv_env_CC_value=
ac_cv_env_CFLAGS_set=
ac_cv_env_CFLAGS_value=
ac_cv_env_CPPFLAGS_set=
ac_cv_env_CPPFLAGS_value=
ac_cv_env_CPP_set=
ac_cv_env_CPP_value=
ac_cv_env_FFI_CFLAGS_set=
ac_cv_env_FFI_CFLAGS_value=
ac_cv_env_FFI_LIBS_set=
ac_cv_env_FFI_LIBS_value=
ac_cv_env_LDFLAGS_set=
ac_cv_env_LDFLAGS_value=
ac_cv_env_LIBS_set=
ac_cv_env_LIBS_value=
ac_cv_env_LT_SYS_LIBRARY_PATH_set=
ac_cv_env_LT_SYS_LIBRARY_PATH_value=
ac_cv_env_PKG_CONFIG_LIBDIR_set=
ac_cv_env_PKG_CONFIG_LIBDIR_value=
ac_cv_env_PKG_CONFIG_PATH_set=
ac_cv_env_PKG_CONFIG_PATH_value=
ac_cv_env_PKG_CONFIG_set=
ac_cv_env_PKG_CONFIG_value=
ac_cv_env_SDL2_CFLAGS_set=
ac_cv_env_SDL2_CFLAGS_value=
ac_cv_env_SDL2_LIBS_set=
ac_cv_env_SDL2_LIBS_value=
ac_cv_env_XMKMF_set=
ac_cv_env_XMKMF_value=
ac_cv_env_build_alias_set=
ac_cv_env_build_alias_value=
ac_cv_env_host_alias_set=
ac_cv_env_host_alias_value=
ac_cv_env_target_alias_set=
ac_cv_env_target_alias_value=
ac_cv_func_alloca_works=yes
ac_cv_func_connect=yes
ac_cv_func_gethostbyname=yes
ac_cv_func_getnstr=yes
ac_cv_func_mkstemp=yes
ac_cv_func_remove=yes
ac_cv_func_shmat=yes
ac_cv_func_strerror=yes
ac_cv_func_strtod=yes
ac_cv_have_x='have_x=yes	ac_x_includes='\'''\''	ac_x_libraries='\'''\'''
ac_cv_header_alloc_h=no
ac_cv_header_curses_h=yes
ac_cv_header_dlfcn_h=yes
ac_cv_header_ffi_h=yes
ac_cv_header_inttypes_h=yes
ac_cv_header_malloc_h=yes
ac_cv_header_ncurses_h=yes
ac_cv_header_prctl_h=no
ac_cv_header_stdint_h=yes
ac_cv_header_stdio_h=yes
ac_cv_header_stdlib_h=yes
ac_cv_header_string_h=yes
ac_cv_header_strings_h=yes
ac_cv_header_sys_stat_h=yes
ac_cv_header_sys_types_h=yes
ac_cv_header_unistd_h=yes
ac_cv_host=x86_64-pc-linux-gnu
ac_cv_lib_ICE_IceConnectionNumber=yes
ac_cv_objext=o
ac_cv_path_EGREP='/usr/bin/grep -E'
ac_cv_path_FGREP='/usr/bin/grep -F'
ac_cv_path_GREP=/usr/bin/grep
ac_cv_path_SED=/usr/bin/sed
ac_cv_path_ac_pt_PKG_CONFIG=/usr/bin/pkg-config
ac_cv_path_install='/usr/bin/install -c'
ac_cv_path_lt_DD=/usr/bin/dd
ac_cv_path_mkdir=/usr/bin/mkdir
ac_cv_prog_AWK=mawk
ac_cv_prog_CCOPTIONS=-Wall
ac_cv_prog_CPP='gcc -E'
ac_cv_prog_ac_ct_AR=ar
ac_cv_prog_ac_ct_CC=gcc
ac_cv_prog_ac_ct_FILECMD=file
ac_cv_prog_ac_ct_MANIFEST_TOOL=mt
ac_cv_prog_ac_ct_OBJDUMP=objdump
ac_cv_prog_ac_ct_RANLIB=ranlib
ac_cv_prog_ac_ct_STRIP=strip
ac_cv_prog_cc_c11=
ac_cv_prog_cc_g=yes
ac_cv_prog_cc_stdc=
ac_cv_prog_make_make_set=yes
ac_cv_search_dladdr='none required'
ac_cv_search_dlopen='none required'
ac_cv_search_ffi_call='none required'
ac_cv_search_initscr=-lcurses
ac_cv_type_size_t=yes
ac_cv_working_alloca_h=yes
am_cv_CC_dependencies_compiler_type=gcc3
am_cv_make_support_nested_variables=yes
am_cv_prog_cc_c_o=yes
lt_cv_ar_at_file=@
lt_cv_archive_cmds_need_lc=no
lt_cv_deplibs_check_method=pass_all
lt_cv_file_magic_cmd='$MAGIC_CMD'
lt_cv_file_magic_test_file=
lt_cv_ld_reload_flag=-r
lt_cv_nm_interface='BSD nm'
lt_cv_objdir=.libs
lt_cv_path_LD=/usr/bin/ld
lt_cv_path_NM='/usr/bin/nm -B'
lt_cv_path_mainfest_tool=no
lt_cv_prog_compiler_c_o=yes
lt_cv_prog_compiler_pic='-fPIC -DPIC'
lt_cv_prog_compiler_pic_works=yes
lt_cv_prog_compiler_rtti_exceptions=no
lt_cv_prog_compiler_static_works=yes
lt_cv_prog_gnu_ld=yes
lt_cv_sharedlib_from_linklib_cmd='printf %s\n'
lt_cv_shlibpath_overrides_runpath=yes
lt_cv_sys_global_symbol_pipe='/usr/bin/sed -n -e '\''s/^.*[	 ]\([ABCDGIRSTW][ABCDGIRSTW]*\)[	 ][	 ]*\([_A-Za-z][_A-Za-z0-9]*\)$/\1 \2 \2/p'\'' | /usr/bin/sed '\''/ __gnu_lto/d'\'''
lt_cv_sys_global_symbol_to_c_name_address='/usr/bin/sed -n -e '\''s/^: \(.*\) .*$/  {"\1", (void *) 0},/p'\'' -e '\''s/^[ABCDGIRSTW][ABCDGIRSTW]* .* \(.*\)$/  {"\1", (void *) \&\1},/p'\'''
lt_cv_sys_global_symbol_to_c_name_address_lib_prefix='/usr/bin/sed -n -e '\''s/^: \(.*\) .*$/  {"\1", (void *) 0},/p'\'' -e '\''s/^[ABCDGIRSTW][ABCDGIRSTW]* .* \(lib.*\)$/  {"\1", (void *) \&\1},/p'\'' -e '\''s/^[ABCDGIRSTW][ABCDGIRSTW]* .* \(.*\)$/  {"lib\1", (void *) \&\1},/p'\'''
lt_cv_sys_global_symbol_to_cdecl='/usr/bin/sed -n -e '\''s/^T .* \(.*\)$/extern int \1();/p'\'' -e '\''s/^[ABCDGIRSTW][ABCDGIRSTW]* .* \(.*\)$/extern char \1;/p'\'''
lt_cv_sys_global_symbol_to_import=
lt_cv_sys_max_cmd_len=1572864
lt_cv_to_host_file_cmd=func_convert_file_noop
lt_cv_to_tool_file_cmd=func_convert_file_noop
lt_cv_truncate_bin='/usr/bin/dd bs=4096 count=1'
pkg_cv_FFI_CFLAGS=
pkg_cv_FFI_LIBS='-lffi '
pkg_cv_SDL2_CFLAGS='-I/usr/include/SDL2 -D_REENTRANT '
pkg_cv_SDL2_LIBS='-lSDL2 '

## ----------------- ##
## Output variables. ##
## ----------------- ##

ACLOCAL='${SHELL} '\''/home/chuck/Dropbox/Programming/Languages_and_Code/Programming_Projects/Programming_Tools/LANGUAGES/Beam/missing'\'' aclocal-1.16'
ALLOCA=''
AMDEPBACKSLASH='\'
AMDEP_FALSE='#'
AMDEP_TRUE=''
AMTAR='$${TAR-tar}'
AM_BACKSLASH='\'
AM_DEFAULT_V='$(AM_DEFAULT_VERBOSITY)'
AM_DEFAULT_VERBOSITY='1'
AM_V='$(V)'
AR='ar'
AUTOCONF='${SHELL} '\''/home/chuck/Dropbox/Programming/Languages_and_Code/Programming_Projects/Programming_Tools/LANGUAGES/Beam/missing'\'' autoconf'
AUTOHEADER='${SHELL} '\''/home/chuck/Dropbox/Programming/Languages_and_Code/Programming_Projects/Programming_Tools/LANGUAGES/Beam/missing'\'' autoheader'
AUTOMAKE='${SHELL} '\''/home/chuck/Dropbox/Programming/Languages_and_Code/Programming_Projects/Programming_Tools/LANGUAGES/Beam/missing'\'' automake-1.16'
AWK='mawk'
CC='gcc'
CCDEPMODE='depmode=gcc3'
CCOPTIONS='-Wall'
CFLAGS='-g -O2 '
CPP='gcc -E'
CPPFLAGS=''
CSCOPE='cscope'
CTAGS='ctags'
CYGPATH_W='echo'
DEFS='-DHAVE_CONFIG_H'
DEPDIR='.deps'
DLLTOOL='false'
DSYMUTIL=''
DUMPBIN=''
ECHO_C=''
ECHO_N='-n'
ECHO_T=''
EGREP='/usr/bin/grep -E'
ETAGS='etags'
EXEEXT=''
FFI_CFLAGS=''
FFI_LIBS='-lffi '
FGREP='/usr/bin/grep -F'
FILECMD='file'
GREP='/usr/bin/grep'
INSTALL_DATA='${INSTALL} -m 644'
INSTALL_PROGRAM='${INSTALL}'
INSTALL_SCRIPT='${INSTALL}'
INSTALL_STRIP_PROGRAM='$(install_sh) -c -s'
LD='/usr/bin/ld -m elf_x86_64'
LDFLAGS=''
LIBOBJS=''
LIBS='-lcurses  -lffi '
LIBTOOL='$(SHELL) $(top_builddir)/libtool'
LIPO=''
LN_S='ln -s'
LTLIBOBJS=''
LT_SYS_LIBRARY_PATH=''
MAKEINFO='${SHELL} '\''/home/chuck/Dropbox/Programming/Languages_and_Code/Programming_Projects/Programming_Tools/LANGUAGES/Beam/missing'\'' makeinfo'
MANIFEST_TOOL=':'
MKDIR_P='/usr/bin/mkdir -p'
NM='/usr/bin/nm -B'
NMEDIT=''
OBJDUMP='objdump'
OBJEXT='o'
OTOOL64=''
OTOOL=''
PACKAGE='beam'
PACKAGE_BUGREPORT=''
PACKAGE_NAME='beam'
PACKAGE_STRING='beam 2.0.0'
PACKAGE_TARNAME='beam'
PACKAGE_URL=''
PACKAGE_VERSION='2.0.0'
PATH_SEPARATOR=':'
PKG_CONFIG='/usr/bin/pkg-config'
PKG_CONFIG_LIBDIR=''
PKG_CONFIG_PATH=''
POW_LIB=''
RANLIB='ranlib'
SDL2_CFLAGS='-I/usr/include/SDL2 -D_REENTRANT '
SDL2_LIBS='-lSDL2 '
SED='/usr/bin/sed'
SET_MAKE=''
SHELL='/bin/bash'
STRIP='strip'
VERSION='2.0.0'
XMKMF=''
X_CFLAGS=''
X_EXTRA_LIBS=''
X_LIBS=''
X_PRE_LIBS=' -lSM -lICE'
ac_ct_AR='ar'
ac_ct_CC='gcc'
ac_ct_DUMPBIN=''
am__EXEEXT_FALSE=''
am__EXEEXT_TRUE='#'
am__fastdepCC_FALSE='#'
am__fastdepCC_TRUE=''
am__include='include'
am__isrc=''
am__leading_dot='.'
am__nodep='_no'
am__quote=''
am__tar='$${TAR-tar} chof - "$$tardir"'
am__untar='$${TAR-tar} xf -'
bindir='${exec_prefix}/bin'
build='x86_64-pc-linux-gnu'
build_alias=''
build_cpu='x86_64'
build_os='linux-gnu'
build_vendor='pc'
datadir='${datarootdir}'
datarootdir='${prefix}/share'
docdir='${datarootdir}/doc/${PACKAGE_TARNAME}'
dvidir='${docdir}'
exec_prefix='${prefix}'
host='x86_64-pc-linux-gnu'
host_alias=''
host_cpu='x86_64'
host_os='linux-gnu'
host_vendor='pc'
htmldir='${docdir}'
includedir='${prefix}/include'
infodir='${datarootdir}/info'
install_sh='${SHELL} /home/chuck/Dropbox/Programming/Languages_and_Code/Programming_Projects/Programming_Tools/LANGUAGES/Beam/install-sh'
libdir='${exec_prefix}/lib'
libexecdir='${exec_prefix}/libexec'
localedir='${datarootdir}/locale'
localstatedir='${prefix}/var'
mandir='${datarootdir}/man'
mkdir_p='$(MKDIR_P)'
oldincludedir='/usr/include'
pdfdir='${docdir}'
prefix='/usr/local'
program_transform_name='s,x,x,'
psdir='${docdir}'
runstatedir='${localstatedir}/run'
sbindir='${exec_prefix}/sbin'
sharedstatedir='${prefix}/com'
sysconfdir='${prefix}/etc'
target_alias=''

## ----------- ##
## confdefs.h. ##
## ----------- ##

/* confdefs.h */
#define PACKAGE_NAME "beam"
#define PACKAGE_TARNAME "beam"
#define PACKAGE_VERSION "2.0.0"
#define PACKAGE_STRING "beam 2.0.0"
#define PACKAGE_BUGREPORT ""
#define PACKAGE_URL ""
#define PACKAGE "beam"
#define VERSION "2.0.0"
#define HAVE_STDIO_H 1
#define HAVE_STDLIB_H 1
#define HAVE_STRING_H 1
#define HAVE_INTTYPES_H 1
#define HAVE_STDINT_H 1
#define HAVE_STRINGS_H 1
#define HAVE_SYS_STAT_H 1
#define HAVE_SYS_TYPES_H 1
#define HAVE_UNISTD_H 1
#define STDC_HEADERS 1
#define HAVE_DLFCN_H 1
#define LT_OBJDIR ".libs/"
#define HAVE_MALLOC_H 1
#define HAVE_ALLOCA_H 1
#define HAVE_ALLOCA 1
#define HAVE_STRERROR 1
#define HAVE_MKSTEMP 1
#define HAVE_FFI_H 1
#define HAVE_DLFCN_H 1
#define USE_DL_FFI 1
#define HAVE_CURSES_H 1
#define HAVE_NCURSES_H 1
#define HAVE_GETNSTR 1
#define UNIX_ARCHITECTURE "x86_64-pc-linux-gnu"
#define BUILD_TIME "Sun Jul  5 17:23:53 UTC 2026"

configure: exit 0

## ---------------------- ##
## Running config.status. ##
## ---------------------- ##

This file was extended by beam config.status 2.0.0, which was
generated by GNU Autoconf 2.71.  Invocation command line was

  CONFIG_FILES    = 
  CONFIG_HEADERS  = 
  CONFIG_LINKS    = 
  CONFIG_COMMANDS = 
  $ ./config.status config.h

on CHUCK-LINUX

config.status:1111: creating config.h
config.status:1292: config.h is unchanged
